(C)2003-2021 J. Lemmens
Daisy-player - Version 13.0 
A parser to play Daisy CD's with Linux
Scanning for a Daisy CD...

SPINE (22):
   1: Six_points_de_lumiere/rjyt0002.smil#rjyt_0001
   2: Six_points_de_lumiere/rjyt0013.smil#rjyt_0012
   3: Six_points_de_lumiere/rjyt0014.smil#rjyt_0013
   4: Six_points_de_lumiere/rjyt0015.smil#rjyt_0015
   5: Six_points_de_lumiere/rjyt0016.smil#rjyt_0025
   6: Six_points_de_lumiere/rjyt0017.smil#rjyt_0026
   7: Six_points_de_lumiere/rjyt0003.smil#rjyt_0002
   8: Six_points_de_lumiere/rjyt0004.smil#rjyt_0003
   9: Six_points_de_lumiere/rjyt0005.smil#rjyt_0004
  10: Six_points_de_lumiere/rjyt0006.smil#rjyt_0005
  11: Six_points_de_lumiere/rjyt0007.smil#rjyt_0006
  12: Six_points_de_lumiere/rjyt0008.smil#rjyt_0007
  13: Six_points_de_lumiere/rjyt0009.smil#rjyt_0008
  14: Six_points_de_lumiere/rjyt000a.smil#rjyt_0009
  15: Six_points_de_lumiere/rjyt000b.smil#rjyt_000a
  16: Six_points_de_lumiere/rjyt000c.smil#rjyt_000b
  17: Six_points_de_lumiere/rjyt000d.smil#rjyt_000c
  18: Six_points_de_lumiere/rjyt000e.smil#rjyt_000d
  19: Six_points_de_lumiere/rjyt0012.smil#rjyt_0011
  20: Six_points_de_lumiere/rjyt000f.smil#rjyt_000e
  21: Six_points_de_lumiere/rjyt0010.smil#rjyt_000f
  22: Six_points_de_lumiere/rjyt0011.smil#rjyt_0014
